{"level":"info","message":"Server running on http://localhost:5000","timestamp":"2025-12-09T10:35:36.470Z"}
{"level":"info","message":{"endpoint":"/signed-url","event":"REQUEST_RECEIVED"},"timestamp":"2025-12-09T10:35:38.914Z"}
{"level":"info","message":{"event":"SIGNED_URL_SUCCESS"},"timestamp":"2025-12-09T10:35:39.843Z"}
{"level":"info","message":{"body":{"text":"About you?"},"endpoint":"/process-message","event":"REQUEST_RECEIVED"},"timestamp":"2025-12-09T10:36:55.526Z"}
{"level":"info","message":{"event":"CALLING_BOT_API","payload":{"message":"About you?"},"url":"https://api.botifire.com/api/bot/chat"},"timestamp":"2025-12-09T10:36:55.528Z"}
{"level":"info","message":{"aiReply":"Hi there! I am the MCB AI Assistant, here to help you with information about MCB Bank Limited and its services. If you have any questions or need assistance, feel free to ask! Is there anything else I can help with?","event":"BOT_API_RESPONSE"},"timestamp":"2025-12-09T10:36:59.352Z"}
{"level":"error","message":{"error":"Cannot destructure property 'enableLogging' of 'request' as it is undefined.","event":"PROCESS_MESSAGE_ERROR","stack":"TypeError: Cannot destructure property 'enableLogging' of 'request' as it is undefined.\n    at TextToSpeech.<anonymous> (D:\\WhatsApp-Cloud-API-Meta-NodeJS-Postman-WebApp\\elevenlabs-server\\node_modules\\@elevenlabs\\elevenlabs-js\\api\\resources\\textToSpeech\\client\\Client.js:80:21)\n    at Generator.next (<anonymous>)\n    at D:\\WhatsApp-Cloud-API-Meta-NodeJS-Postman-WebApp\\elevenlabs-server\\node_modules\\@elevenlabs\\elevenlabs-js\\api\\resources\\textToSpeech\\client\\Client.js:44:71\n    at new Promise (<anonymous>)\n    at __awaiter (D:\\WhatsApp-Cloud-API-Meta-NodeJS-Postman-WebApp\\elevenlabs-server\\node_modules\\@elevenlabs\\elevenlabs-js\\api\\resources\\textToSpeech\\client\\Client.js:40:12)\n    at TextToSpeech.__convert (D:\\WhatsApp-Cloud-API-Meta-NodeJS-Postman-WebApp\\elevenlabs-server\\node_modules\\@elevenlabs\\elevenlabs-js\\api\\resources\\textToSpeech\\client\\Client.js:78:16)\n    at TextToSpeech.convert (D:\\WhatsApp-Cloud-API-Meta-NodeJS-Postman-WebApp\\elevenlabs-server\\node_modules\\@elevenlabs\\elevenlabs-js\\api\\resources\\textToSpeech\\client\\Client.js:75:58)\n    at file:///D:/WhatsApp-Cloud-API-Meta-NodeJS-Postman-WebApp/elevenlabs-server/server.js:133:45\n    at process.processTicksAndRejections (node:internal/process/task_queues:105:5)"},"timestamp":"2025-12-09T10:36:59.360Z"}
{"level":"info","message":{"endpoint":"/signed-url","event":"REQUEST_RECEIVED"},"timestamp":"2025-12-09T10:38:36.540Z"}
{"level":"info","message":{"event":"SIGNED_URL_SUCCESS"},"timestamp":"2025-12-09T10:38:36.996Z"}
{"level":"info","message":{"endpoint":"/signed-url","event":"REQUEST_RECEIVED"},"timestamp":"2025-12-09T10:41:45.893Z"}
{"level":"info","message":{"event":"SIGNED_URL_SUCCESS"},"timestamp":"2025-12-09T10:41:46.778Z"}
{"level":"info","message":{"endpoint":"/signed-url","event":"REQUEST_RECEIVED"},"timestamp":"2025-12-09T10:45:22.218Z"}
{"level":"info","message":{"event":"SIGNED_URL_SUCCESS"},"timestamp":"2025-12-09T10:45:22.621Z"}
{"level":"info","message":{"endpoint":"/signed-url","event":"REQUEST_RECEIVED"},"timestamp":"2025-12-09T10:47:55.576Z"}
{"level":"info","message":{"event":"SIGNED_URL_SUCCESS"},"timestamp":"2025-12-09T10:47:56.586Z"}
{"level":"info","message":{"endpoint":"/signed-url","event":"REQUEST_RECEIVED"},"timestamp":"2025-12-09T10:51:08.630Z"}
{"level":"info","message":{"event":"SIGNED_URL_SUCCESS"},"timestamp":"2025-12-09T10:51:12.135Z"}
{"level":"info","message":"🚀 Server running on http://localhost:5000","timestamp":"2025-12-09T10:55:19.779Z"}
{"level":"info","message":{"details":{"data":{},"event":"START_CONVERSATION_CLICKED"},"event":"FRONTEND_LOG"},"timestamp":"2025-12-09T10:56:33.164Z"}
{"level":"info","message":{"endpoint":"/signed-url","event":"REQUEST_RECEIVED"},"timestamp":"2025-12-09T10:56:33.177Z"}
{"level":"info","message":{"event":"SIGNED_URL_SUCCESS"},"timestamp":"2025-12-09T10:56:33.926Z"}
{"level":"info","message":{"details":{"data":{"signedUrl":"wss://api.elevenlabs.io/v1/convai/conversation?agent_id=agent_01jw23yyy4enj9pj7pfgpgwvme&conversation_signature=cvtkn_8201kc1c30txfkzaq1rgt8rbxtev"},"event":"SIGNED_URL_RECEIVED"},"event":"FRONTEND_LOG"},"timestamp":"2025-12-09T10:56:33.958Z"}
{"level":"info","message":{"details":{"data":{"connection":true},"event":"CONVERSATION_STARTED"},"event":"FRONTEND_LOG"},"timestamp":"2025-12-09T10:56:38.583Z"}
{"level":"info","message":{"details":{"data":{"message":"convo.onEvent is not a function"},"event":"CONVERSATION_START_FAILED"},"event":"FRONTEND_LOG"},"timestamp":"2025-12-09T10:56:38.588Z"}
{"level":"info","message":{"body":{"text":"About you?"},"endpoint":"/process-message","event":"REQUEST_RECEIVED"},"timestamp":"2025-12-09T10:59:44.127Z"}
{"level":"info","message":{"event":"CALLING_BOT_API","payload":{"message":"About you?"},"url":"https://api.botifire.com/api/bot/chat"},"timestamp":"2025-12-09T10:59:44.128Z"}
{"level":"info","message":{"aiReply":"Hi there! I am the MCB AI Assistant, here to provide you with information about MCB Bank Limited and assist you with any queries you may have regarding our services, products, and more. Is there anything specific you would like to know? Have a great day!","event":"BOT_API_RESPONSE"},"timestamp":"2025-12-09T10:59:47.830Z"}
{"event":"PROCESS_MESSAGE_ERROR","level":"error","message":"Cannot destructure property 'enableLogging' of 'request' as it is undefined.","stack":"TypeError: Cannot destructure property 'enableLogging' of 'request' as it is undefined.\n    at TextToSpeech.<anonymous> (D:\\WhatsApp-Cloud-API-Meta-NodeJS-Postman-WebApp\\elevenlabs-server\\node_modules\\@elevenlabs\\elevenlabs-js\\api\\resources\\textToSpeech\\client\\Client.js:80:21)\n    at Generator.next (<anonymous>)\n    at D:\\WhatsApp-Cloud-API-Meta-NodeJS-Postman-WebApp\\elevenlabs-server\\node_modules\\@elevenlabs\\elevenlabs-js\\api\\resources\\textToSpeech\\client\\Client.js:44:71\n    at new Promise (<anonymous>)\n    at __awaiter (D:\\WhatsApp-Cloud-API-Meta-NodeJS-Postman-WebApp\\elevenlabs-server\\node_modules\\@elevenlabs\\elevenlabs-js\\api\\resources\\textToSpeech\\client\\Client.js:40:12)\n    at TextToSpeech.__convert (D:\\WhatsApp-Cloud-API-Meta-NodeJS-Postman-WebApp\\elevenlabs-server\\node_modules\\@elevenlabs\\elevenlabs-js\\api\\resources\\textToSpeech\\client\\Client.js:78:16)\n    at TextToSpeech.convert (D:\\WhatsApp-Cloud-API-Meta-NodeJS-Postman-WebApp\\elevenlabs-server\\node_modules\\@elevenlabs\\elevenlabs-js\\api\\resources\\textToSpeech\\client\\Client.js:75:58)\n    at file:///D:/WhatsApp-Cloud-API-Meta-NodeJS-Postman-WebApp/elevenlabs-server/server.js:148:45\n    at process.processTicksAndRejections (node:internal/process/task_queues:105:5)","timestamp":"2025-12-09T10:59:47.835Z"}
{"level":"info","message":{"endpoint":"/signed-url","event":"REQUEST_RECEIVED"},"timestamp":"2025-12-09T11:04:05.715Z"}
{"level":"info","message":{"event":"SIGNED_URL_SUCCESS"},"timestamp":"2025-12-09T11:04:06.197Z"}
{"level":"info","message":{"body":{"text":"I am a student of the U.S. Department of Education."},"endpoint":"/process-message","event":"REQUEST_RECEIVED"},"timestamp":"2025-12-09T11:04:19.338Z"}
{"level":"info","message":{"event":"CALLING_BOT_API","payload":{"message":"I am a student of the U.S. Department of Education."},"url":"https://api.botifire.com/api/bot/chat"},"timestamp":"2025-12-09T11:04:19.341Z"}
{"level":"info","message":{"aiReply":"I'm designed to assist only within MCB Bank Limited's official information. Is there anything else I can help with?","event":"BOT_API_RESPONSE"},"timestamp":"2025-12-09T11:04:24.925Z"}
{"event":"PROCESS_MESSAGE_ERROR","level":"error","message":"Cannot destructure property 'enableLogging' of 'request' as it is undefined.","stack":"TypeError: Cannot destructure property 'enableLogging' of 'request' as it is undefined.\n    at TextToSpeech.<anonymous> (D:\\WhatsApp-Cloud-API-Meta-NodeJS-Postman-WebApp\\elevenlabs-server\\node_modules\\@elevenlabs\\elevenlabs-js\\api\\resources\\textToSpeech\\client\\Client.js:80:21)\n    at Generator.next (<anonymous>)\n    at D:\\WhatsApp-Cloud-API-Meta-NodeJS-Postman-WebApp\\elevenlabs-server\\node_modules\\@elevenlabs\\elevenlabs-js\\api\\resources\\textToSpeech\\client\\Client.js:44:71\n    at new Promise (<anonymous>)\n    at __awaiter (D:\\WhatsApp-Cloud-API-Meta-NodeJS-Postman-WebApp\\elevenlabs-server\\node_modules\\@elevenlabs\\elevenlabs-js\\api\\resources\\textToSpeech\\client\\Client.js:40:12)\n    at TextToSpeech.__convert (D:\\WhatsApp-Cloud-API-Meta-NodeJS-Postman-WebApp\\elevenlabs-server\\node_modules\\@elevenlabs\\elevenlabs-js\\api\\resources\\textToSpeech\\client\\Client.js:78:16)\n    at TextToSpeech.convert (D:\\WhatsApp-Cloud-API-Meta-NodeJS-Postman-WebApp\\elevenlabs-server\\node_modules\\@elevenlabs\\elevenlabs-js\\api\\resources\\textToSpeech\\client\\Client.js:75:58)\n    at file:///D:/WhatsApp-Cloud-API-Meta-NodeJS-Postman-WebApp/elevenlabs-server/server.js:148:45\n    at process.processTicksAndRejections (node:internal/process/task_queues:105:5)","timestamp":"2025-12-09T11:04:24.929Z"}
{"level":"info","message":{"body":{"text":"..."},"endpoint":"/process-message","event":"REQUEST_RECEIVED"},"timestamp":"2025-12-09T11:04:34.434Z"}
{"level":"info","message":{"event":"CALLING_BOT_API","payload":{"message":"..."},"url":"https://api.botifire.com/api/bot/chat"},"timestamp":"2025-12-09T11:04:34.438Z"}
{"level":"info","message":{"aiReply":"Hi there! How can I assist you today?","event":"BOT_API_RESPONSE"},"timestamp":"2025-12-09T11:04:37.034Z"}
{"event":"PROCESS_MESSAGE_ERROR","level":"error","message":"Cannot destructure property 'enableLogging' of 'request' as it is undefined.","stack":"TypeError: Cannot destructure property 'enableLogging' of 'request' as it is undefined.\n    at TextToSpeech.<anonymous> (D:\\WhatsApp-Cloud-API-Meta-NodeJS-Postman-WebApp\\elevenlabs-server\\node_modules\\@elevenlabs\\elevenlabs-js\\api\\resources\\textToSpeech\\client\\Client.js:80:21)\n    at Generator.next (<anonymous>)\n    at D:\\WhatsApp-Cloud-API-Meta-NodeJS-Postman-WebApp\\elevenlabs-server\\node_modules\\@elevenlabs\\elevenlabs-js\\api\\resources\\textToSpeech\\client\\Client.js:44:71\n    at new Promise (<anonymous>)\n    at __awaiter (D:\\WhatsApp-Cloud-API-Meta-NodeJS-Postman-WebApp\\elevenlabs-server\\node_modules\\@elevenlabs\\elevenlabs-js\\api\\resources\\textToSpeech\\client\\Client.js:40:12)\n    at TextToSpeech.__convert (D:\\WhatsApp-Cloud-API-Meta-NodeJS-Postman-WebApp\\elevenlabs-server\\node_modules\\@elevenlabs\\elevenlabs-js\\api\\resources\\textToSpeech\\client\\Client.js:78:16)\n    at TextToSpeech.convert (D:\\WhatsApp-Cloud-API-Meta-NodeJS-Postman-WebApp\\elevenlabs-server\\node_modules\\@elevenlabs\\elevenlabs-js\\api\\resources\\textToSpeech\\client\\Client.js:75:58)\n    at file:///D:/WhatsApp-Cloud-API-Meta-NodeJS-Postman-WebApp/elevenlabs-server/server.js:148:45\n    at process.processTicksAndRejections (node:internal/process/task_queues:105:5)","timestamp":"2025-12-09T11:04:37.039Z"}
{"level":"info","message":"🚀 Server running on http://localhost:5000","timestamp":"2025-12-09T11:06:58.917Z"}
{"level":"info","message":{"body":{"text":"About you?"},"endpoint":"/process-message","event":"REQUEST_RECEIVED"},"timestamp":"2025-12-09T11:07:19.117Z"}
{"level":"info","message":{"event":"CALLING_BOT_API","payload":{"message":"About you?"},"url":"https://api.botifire.com/api/bot/chat"},"timestamp":"2025-12-09T11:07:19.119Z"}
{"level":"info","message":{"aiReply":"Hi there! I am the MCB AI Assistant, here to provide you with information and support regarding MCB Bank Limited's services, products, and any queries you may have. My goal is to assist you in a friendly and professional manner. Is there anything specific you would like to know?","event":"BOT_API_RESPONSE"},"timestamp":"2025-12-09T11:07:21.747Z"}
{"event":"PROCESS_MESSAGE_ERROR","level":"error","message":"eleven.textToSpeech.convertAsStream is not a function","stack":"TypeError: eleven.textToSpeech.convertAsStream is not a function\n    at file:///D:/WhatsApp-Cloud-API-Meta-NodeJS-Postman-WebApp/elevenlabs-server/server.js:153:45\n    at process.processTicksAndRejections (node:internal/process/task_queues:105:5)","timestamp":"2025-12-09T11:07:21.750Z"}
{"level":"info","message":"🚀 Server running on http://localhost:5000","timestamp":"2025-12-09T11:08:15.193Z"}
{"level":"info","message":"🚀 Server running on http://localhost:5000","timestamp":"2025-12-09T11:09:21.628Z"}
{"level":"info","message":{"endpoint":"/signed-url","event":"REQUEST_RECEIVED"},"timestamp":"2025-12-09T11:13:06.359Z"}
{"level":"info","message":{"event":"SIGNED_URL_SUCCESS"},"timestamp":"2025-12-09T11:13:06.977Z"}
{"level":"info","message":"🚀 Server running on http://localhost:5000","timestamp":"2025-12-09T11:14:03.729Z"}
{"level":"info","message":"🚀 Server running on http://localhost:5000","timestamp":"2025-12-09T11:15:08.041Z"}
{"level":"info","message":"🚀 Server running on http://localhost:5000","timestamp":"2025-12-09T11:19:22.071Z"}
{"level":"info","message":{"endpoint":"/signed-url","event":"REQUEST_RECEIVED"},"timestamp":"2025-12-09T11:19:34.512Z"}
{"event":"SIGNED_URL_ERROR","level":"error","message":"Cannot read properties of undefined (reading 'getSignedUrl')","timestamp":"2025-12-09T11:19:34.517Z"}
{"level":"info","message":{"endpoint":"/signed-url","event":"REQUEST_RECEIVED"},"timestamp":"2025-12-09T11:19:34.730Z"}
{"event":"SIGNED_URL_ERROR","level":"error","message":"Cannot read properties of undefined (reading 'getSignedUrl')","timestamp":"2025-12-09T11:19:34.731Z"}
{"level":"info","message":"🚀 Server running on http://localhost:5000","timestamp":"2025-12-09T11:20:22.229Z"}
{"level":"info","message":{"endpoint":"/signed-url","event":"REQUEST_RECEIVED"},"timestamp":"2025-12-09T11:20:23.861Z"}
{"level":"info","message":{"event":"SIGNED_URL_SUCCESS"},"timestamp":"2025-12-09T11:20:24.691Z"}
